// Jest Snapshot v1, https://goo.gl/fbAQLP

exports[`Test of Header test if Header is rendered 1`] = `<header />`;
